// Jest Snapshot v1, https://goo.gl/fbAQLP

exports[`NavbarLink renders correctly 1`] = `
.c0 {
  display: block;
  color: #fff;
  -webkit-text-decoration: none;
  text-decoration: none;
  font-weight: 500;
  font-size: 1.3rem;
  padding: 0.7rem 0 0.3rem 0.5rem;
  width: 100%;
}

@media (min-width:960px) {
  .c0 {
    font-weight: 400;
    font-size: 1.1rem;
    padding: 0.5rem;
  }

  .c0:hover {
    opacity: 0.8;
  }
}

<NavbarLink
  href="/"
>
  <Link
    href="/"
    passHref={true}
  >
    <NavbarLink__StyledNavbarLink
      href="/"
      onClick={[Function]}
      onMouseEnter={[Function]}
    >
      <a
        className="c0"
        href="/"
        onClick={[Function]}
        onMouseEnter={[Function]}
      />
    </NavbarLink__StyledNavbarLink>
  </Link>
</NavbarLink>
`;
